0: [default0]:/usr/local/lib/python3.12/dist-packages/modelopt/torch/__init__.py:36: UserWarning: transformers version 5.7.0 is not tested with nvidia-modelopt and may cause issues. Please install recommended version with `pip install nvidia-modelopt[hf]` if working with HF models.
0: [default0]:  _warnings.warn(
0: [default0]:/users/jmaillef/gipfelsturm/Megatron-LM/megatron/training/utils.py:412: UserWarning: Overriding default arguments for tokenizer_type:GPT2BPETokenizer with tokenizer_type:GPT2BPETokenizer
0: [default0]:  warnings.warn(message)
0: [default0]:/users/jmaillef/gipfelsturm/Megatron-LM/megatron/training/utils.py:412: UserWarning: --tokenizer-hf-use-fast argument is deprecated and will be removed soon. `use_fast` is set to True by default for HF tokenizers.Use --tokenizer-hf-no-use-fast if you want to disable `use_fast`.
0: [default0]:  warnings.warn(message)
0: [default0]:/users/jmaillef/gipfelsturm/Megatron-LM/megatron/training/utils.py:412: UserWarning: --tokenizer-hf-include-special-tokens argument is deprecated and will be removed soon. `include_special_tokens` is set to True by default for HF tokenizers.Use --tokenizer-hf-no-include-special-tokens if you want to disable `include_special_tokens`.
0: [default0]:  warnings.warn(message)
3: [default0]:[rank12]:[W507 12:19:00.885084330 ProcessGroupNCCL.cpp:5178] Guessing device ID based on global rank. This can cause a hang if rank to GPU mapping is heterogeneous. You can specify device_id in init_process_group()
2: [default0]:[rank8]:[W507 12:19:00.993350378 ProcessGroupNCCL.cpp:5178] Guessing device ID based on global rank. This can cause a hang if rank to GPU mapping is heterogeneous. You can specify device_id in init_process_group()
1: [default0]:[rank4]:[W507 12:19:02.863393630 ProcessGroupNCCL.cpp:5178] Guessing device ID based on global rank. This can cause a hang if rank to GPU mapping is heterogeneous. You can specify device_id in init_process_group()
0: [default0]:/usr/local/lib/python3.12/dist-packages/torch/distributed/c10d_logger.py:83: UserWarning: barrier(): using the device under current context. You can specify `device_id` in `init_process_group` to mute this warning.
0: [default0]:  return func(*args, **kwargs)
0: [default0]:[rank0]:[W507 12:19:03.054426488 ProcessGroupNCCL.cpp:5178] Guessing device ID based on global rank. This can cause a hang if rank to GPU mapping is heterogeneous. You can specify device_id in init_process_group()
0: [default0]:/usr/local/lib/python3.12/dist-packages/torch/distributed/c10d_logger.py:83: UserWarning: barrier(): using the device under current context. You can specify `device_id` in `init_process_group` to mute this warning.
0: [default0]:  return func(*args, **kwargs)
0: [default0]:/users/jmaillef/gipfelsturm/Megatron-LM/megatron/core/pipeline_parallel/schedules.py:211: UserWarning: The AccumulateGrad node's stream does not match the stream of the node that produced the incoming gradient. This may incur unnecessary synchronization and break CUDA graph capture if the AccumulateGrad node's stream is the default stream. This mismatch is caused by an AccumulateGrad node created prior to the current iteration being kept alive. This can happen if the autograd graph is still being kept alive by tensors such as the loss, or if you are using DDP, which will stash a reference to the node. To resolve the mismatch, delete all references to the autograd graph or ensure that DDP initialization is performed under the same stream as subsequent forwards. If the mismatch is intentional, you can use torch.autograd.graph.set_warn_on_accumulate_grad_stream_mismatch(False) to suppress this warning. (Triggered internally at /opt/pytorch/pytorch/torch/csrc/autograd/input_buffer.cpp:240.)
0: [default0]:
0:   Variable._execution_engine.run_backward(
0: [default0]:/usr/local/lib/python3.12/dist-packages/torch/distributed/c10d_logger.py:83: UserWarning: barrier(): using the device under current context. You can specify `device_id` in `init_process_group` to mute this warning.
0: [default0]:  return func(*args, **kwargs)
0: [default0]:[rank0]:[W507 12:22:31.846050375 ProcessGroupNCCL.cpp:1569] Warning: WARNING: destroy_process_group() was not called before program exit, which can leak resources. For more info, please see https://pytorch.org/docs/stable/distributed.html#shutdown (function operator())
0: [default2]:[rank2]:[W507 12:22:32.089980173 ProcessGroupNCCL.cpp:1569] Warning: WARNING: destroy_process_group() was not called before program exit, which can leak resources. For more info, please see https://pytorch.org/docs/stable/distributed.html#shutdown (function operator())
0: [default1]:[rank1]:[W507 12:22:32.068091884 ProcessGroupNCCL.cpp:1569] Warning: WARNING: destroy_process_group() was not called before program exit, which can leak resources. For more info, please see https://pytorch.org/docs/stable/distributed.html#shutdown (function operator())
2: [default1]:[rank9]:[W507 12:22:32.526800911 ProcessGroupNCCL.cpp:1569] Warning: WARNING: destroy_process_group() was not called before program exit, which can leak resources. For more info, please see https://pytorch.org/docs/stable/distributed.html#shutdown (function operator())
1: [default0]:[rank4]:[W507 12:22:32.352946123 ProcessGroupNCCL.cpp:1569] Warning: WARNING: destroy_process_group() was not called before program exit, which can leak resources. For more info, please see https://pytorch.org/docs/stable/distributed.html#shutdown (function operator())
2: [default0]:[rank8]:[W507 12:22:32.767210098 ProcessGroupNCCL.cpp:1569] Warning: WARNING: destroy_process_group() was not called before program exit, which can leak resources. For more info, please see https://pytorch.org/docs/stable/distributed.html#shutdown (function operator())
0: [default3]:[rank3]:[W507 12:22:32.653410876 ProcessGroupNCCL.cpp:1569] Warning: WARNING: destroy_process_group() was not called before program exit, which can leak resources. For more info, please see https://pytorch.org/docs/stable/distributed.html#shutdown (function operator())
1: [default2]:[rank6]:[W507 12:22:32.835661309 ProcessGroupNCCL.cpp:1569] Warning: WARNING: destroy_process_group() was not called before program exit, which can leak resources. For more info, please see https://pytorch.org/docs/stable/distributed.html#shutdown (function operator())
1: [default3]:[rank7]:[W507 12:22:32.970263546 ProcessGroupNCCL.cpp:1569] Warning: WARNING: destroy_process_group() was not called before program exit, which can leak resources. For more info, please see https://pytorch.org/docs/stable/distributed.html#shutdown (function operator())
1: [default1]:[rank5]:[W507 12:22:33.017609610 ProcessGroupNCCL.cpp:1569] Warning: WARNING: destroy_process_group() was not called before program exit, which can leak resources. For more info, please see https://pytorch.org/docs/stable/distributed.html#shutdown (function operator())
3: [default2]:[rank14]:[W507 12:22:33.671837023 ProcessGroupNCCL.cpp:1569] Warning: WARNING: destroy_process_group() was not called before program exit, which can leak resources. For more info, please see https://pytorch.org/docs/stable/distributed.html#shutdown (function operator())
2: [default2]:[rank10]:[W507 12:22:33.842057687 ProcessGroupNCCL.cpp:1569] Warning: WARNING: destroy_process_group() was not called before program exit, which can leak resources. For more info, please see https://pytorch.org/docs/stable/distributed.html#shutdown (function operator())
3: [default1]:[rank13]:[W507 12:22:33.821914144 ProcessGroupNCCL.cpp:1569] Warning: WARNING: destroy_process_group() was not called before program exit, which can leak resources. For more info, please see https://pytorch.org/docs/stable/distributed.html#shutdown (function operator())
2: [default3]:[rank11]:[W507 12:22:33.868241094 ProcessGroupNCCL.cpp:1569] Warning: WARNING: destroy_process_group() was not called before program exit, which can leak resources. For more info, please see https://pytorch.org/docs/stable/distributed.html#shutdown (function operator())
3: [default3]:[rank15]:[W507 12:22:34.357312742 ProcessGroupNCCL.cpp:1569] Warning: WARNING: destroy_process_group() was not called before program exit, which can leak resources. For more info, please see https://pytorch.org/docs/stable/distributed.html#shutdown (function operator())
3: [default0]:[rank12]:[W507 12:22:34.498563354 ProcessGroupNCCL.cpp:1569] Warning: WARNING: destroy_process_group() was not called before program exit, which can leak resources. For more info, please see https://pytorch.org/docs/stable/distributed.html#shutdown (function operator())
1: [W507 12:22:36.720921975 TCPStore.cpp:138] [c10d] recvValueWithTimeout failed on SocketImpl(fd=45, addr=[nid005504-hsn2]:60778, remote=[nid005350]:31258): Failed to recv, got 0 bytes. Connection was likely closed. Did the remote server shutdown or crash?
1: Exception raised from recvBytes at /opt/pytorch/pytorch/torch/csrc/distributed/c10d/Utils.hpp:682 (most recent call first):
1: frame #0: c10::Error::Error(c10::SourceLocation, std::__cxx11::basic_string<char, std::char_traits<char>, std::allocator<char> >) + 0xd4 (0x40031e1b39f4 in /usr/local/lib/python3.12/dist-packages/torch/lib/libc10.so)
1: frame #1: <unknown function> + 0x655f564 (0x40032a15f564 in /usr/local/lib/python3.12/dist-packages/torch/lib/libtorch_cpu.so)
1: frame #2: c10d::TCPStore::doWait(c10::ArrayRef<std::__cxx11::basic_string<char, std::char_traits<char>, std::allocator<char> > >, std::chrono::duration<long, std::ratio<1l, 1000l> >) + 0x240 (0x40032a164bc0 in /usr/local/lib/python3.12/dist-packages/torch/lib/libtorch_cpu.so)
1: frame #3: c10d::TCPStore
1: ::doGet(std::__cxx11::basic_string<char, std::char_traits<char>, std::allocator<char> > const&) + 0x28 (0x40032a1654a8 in /usr/local/lib/python3.12/dist-packages/torch/lib/libtorch_cpu.so)
1: frame #4: c10d::TCPStore::get(std::__cxx11::basic_string<char, std::char_traits<char>, std::allocator<char> > const&) + 0x88 (0x40032a166e98 in /usr/local/lib/python3.12/dist-packages/torch/lib/libtorch_cpu.so)
1: frame #5: <unknown function> + 0x124a7f0 (0x40031da5a7f0 in /usr/local/lib/python3.12/dist-packages/torch/lib/libtorch_python.so)
1: frame #6: <unknown function> + 0x5ccbf8 (0x40031cddcbf8 in /usr/local/lib/python3.12/dist-packages/torch/lib/libtorch_python.so)
1: frame #7: python() [0x504a34]
1: <omitting python frames>
1: frame #9: python() [0x4c812c]
1: frame #12: python() [0x52a070]
1: frame #16: python() [0x560198]
1: frame #17: python() [0x50482c]
1: frame #20: python() [0x68bad8]
1: frame #23: <unknown function> + 0x284c4 (0x400319b684c4 in /usr/lib/aarch64-linux-gnu/libc.so.6)
1: frame #24: __libc_start_main + 0x98 (0x400319b68598 in /usr
1: /lib/aarch64-linux-gnu/libc.so.6)
1: 
1: W0507 12:22:36.742000 273451 torch/distributed/elastic/rendezvous/dynamic_rendezvous.py:1293] The node 'nid005504_273451_0' has failed to shutdown the rendezvous 'none' due to an error of type RendezvousConnectionError.
